dem_url=https://polargeospatialcenter.github.io/stac-browser/#/external/pgc-opendata-dems.s3.us-west-2.amazonaws.com/rema/strips/s2s041/2m/s67e100/SETSM_s2s041_WV02_20221118_10300100DCA60F00_10300100DDD51400_2m_lsf_seg1_dem.tif
dem_file=SETSM_s2s041_WV02_20221118_10300100DCA60F00_10300100DDD51400_2m_lsf_seg1_dem.tif
filt_file=SETSM_s2s041_WV02_20221118_10300100DCA60F00_10300100DDD51400_32m_lsf_seg1_dem_filt.tif
dem_url=https://polargeospatialcenter.github.io/stac-browser/#/external/pgc-opendata-dems.s3.us-west-2.amazonaws.com/rema/strips/s2s041/2m/s66e100/SETSM_s2s041_WV02_20220108_10300100CB873500_10300100CCC9AA00_2m_lsf_seg1_dem.tif
dem_file=SETSM_s2s041_WV02_20220108_10300100CB873500_10300100CCC9AA00_2m_lsf_seg1_dem.tif
filt_file=SETSM_s2s041_WV02_20220108_10300100CB873500_10300100CCC9AA00_32m_lsf_seg1_dem_filt.tif
dem_url=https://polargeospatialcenter.github.io/stac-browser/#/external/pgc-opendata-dems.s3.us-west-2.amazonaws.com/rema/strips/s2s041/2m/s67e099/SETSM_s2s041_WV03_20221117_104001007E7E9000_1040010080B1C300_2m_seg2_dem.tif
dem_file=SETSM_s2s041_WV03_20221117_104001007E7E9000_1040010080B1C300_2m_seg2_dem.tif
filt_file=SETSM_s2s041_WV03_20221117_104001007E7E9000_1040010080B1C300_32m_seg2_dem_filt.tif
dem_url=https://polargeospatialcenter.github.io/stac-browser/#/external/pgc-opendata-dems.s3.us-west-2.amazonaws.com/rema/strips/s2s041/2m/s67e099/SETSM_s2s041_WV03_20221129_104001007E838600_104001007F0A6900_2m_seg1_dem.tif
dem_file=SETSM_s2s041_WV03_20221129_104001007E838600_104001007F0A6900_2m_seg1_dem.tif
filt_file=SETSM_s2s041_WV03_20221129_104001007E838600_104001007F0A6900_32m_seg1_dem_filt.tif
